#-----------------------------------------------------------
# Vivado v2019.1 (64-bit)
# SW Build 2552052 on Fri May 24 14:49:42 MDT 2019
# IP Build 2548770 on Fri May 24 18:01:18 MDT 2019
# Start of session at: Sun Oct  6 10:46:25 2019
# Process ID: 8312
# Current directory: C:/Users/fabio.fiorio/OneDrive - EXOR INTERNATIONAL SPA/Documents/PERSONAL/Univr/PSE/Elaborato/PSE/VR422016_Fabio_Fiorio_02/2.1_Synthesis/Soution/VHDL_behavioral_implementation
# Command line: vivado.exe -gui_launcher_event rodinguilauncherevent19292 C:\Users\fabio.fiorio\OneDrive - EXOR INTERNATIONAL SPA\Documents\PERSONAL\Univr\PSE\Elaborato\PSE\VR422016_Fabio_Fiorio_02\2.1_Synthesis\Soution\VHDL_behavioral_implementation\xtea_rtl_synthesis.xpr
# Log file: C:/Users/fabio.fiorio/OneDrive - EXOR INTERNATIONAL SPA/Documents/PERSONAL/Univr/PSE/Elaborato/PSE/VR422016_Fabio_Fiorio_02/2.1_Synthesis/Soution/VHDL_behavioral_implementation/vivado.log
# Journal file: C:/Users/fabio.fiorio/OneDrive - EXOR INTERNATIONAL SPA/Documents/PERSONAL/Univr/PSE/Elaborato/PSE/VR422016_Fabio_Fiorio_02/2.1_Synthesis/Soution/VHDL_behavioral_implementation\vivado.jou
#-----------------------------------------------------------
start_gui
open_project {C:/Users/fabio.fiorio/OneDrive - EXOR INTERNATIONAL SPA/Documents/PERSONAL/Univr/PSE/Elaborato/PSE/VR422016_Fabio_Fiorio_02/2.1_Synthesis/Soution/VHDL_behavioral_implementation/xtea_rtl_synthesis.xpr}
